  seed 4a5e1e4baab8… 1 P2PK
  seed 0e3e2357e806… 1 P2PK
  seed 9b0fc9226031… 1 P2PK
  seed 0437cd7f8525… 1 P2PK
  seed f4184fc59640… 2 P2PK
  seed a16f3ce4dd5d… 2 P2PK
  seed d5d27987d2a3… 1 P2PK
  scanning node blocks 962052..962073

  wrote 7 records · 9 P2PK outputs · 340.00 BTC · tip 962073
✨ Deployment complete! Take a peek over at https://1a575dd0.olesia-landing.pages.dev
  seed 4a5e1e4baab8… 1 P2PK
  seed 0e3e2357e806… 1 P2PK
  seed 9b0fc9226031… 1 P2PK
  seed 0437cd7f8525… 1 P2PK
  seed f4184fc59640… 2 P2PK
  seed a16f3ce4dd5d… 2 P2PK
  seed d5d27987d2a3… 1 P2PK
  scanning node blocks 962074..962213

  wrote 7 records · 9 P2PK outputs · 340.00 BTC · tip 962213
✨ Deployment complete! Take a peek over at https://52969914.olesia-landing.pages.dev
  seed 4a5e1e4baab8… 1 P2PK
  seed 0e3e2357e806… 1 P2PK
  seed 9b0fc9226031… 1 P2PK
  seed 0437cd7f8525… 1 P2PK
  seed f4184fc59640… 2 P2PK
  seed a16f3ce4dd5d… 2 P2PK
  seed d5d27987d2a3… 1 P2PK
  scanning node blocks 962214..962356

  wrote 7 records · 9 P2PK outputs · 340.00 BTC · tip 962356
✨ Deployment complete! Take a peek over at https://5147b16f.olesia-landing.pages.dev
  seed 4a5e1e4baab8… 1 P2PK
  seed 0e3e2357e806… 1 P2PK
  seed 9b0fc9226031… 1 P2PK
  seed 0437cd7f8525… 1 P2PK
  seed f4184fc59640… 2 P2PK
  seed a16f3ce4dd5d… 2 P2PK
  seed d5d27987d2a3… 1 P2PK
  scanning node blocks 962357..962503

  wrote 7 records · 9 P2PK outputs · 340.00 BTC · tip 962503
✨ Deployment complete! Take a peek over at https://9909d49e.olesia-landing.pages.dev
  seed 4a5e1e4baab8… 1 P2PK
  seed 0e3e2357e806… 1 P2PK
  seed 9b0fc9226031… 1 P2PK
  seed 0437cd7f8525… 1 P2PK
  seed f4184fc59640… 2 P2PK
  seed a16f3ce4dd5d… 2 P2PK
  seed d5d27987d2a3… 1 P2PK
  scanning node blocks 962504..962654

  wrote 7 records · 9 P2PK outputs · 340.00 BTC · tip 962654
✨ Deployment complete! Take a peek over at https://99b3c40b.olesia-landing.pages.dev
  seed 4a5e1e4baab8… 1 P2PK
  seed 0e3e2357e806… 1 P2PK
  seed 9b0fc9226031… 1 P2PK
  seed 0437cd7f8525… 1 P2PK
  seed f4184fc59640… 2 P2PK
  seed a16f3ce4dd5d… 2 P2PK
  seed d5d27987d2a3… 1 P2PK
  scanning node blocks 962655..962810

  wrote 7 records · 9 P2PK outputs · 340.00 BTC · tip 962810
✨ Deployment complete! Take a peek over at https://c1add58d.olesia-landing.pages.dev
  seed 4a5e1e4baab8… 1 P2PK
  seed 0e3e2357e806… 1 P2PK
  seed 9b0fc9226031… 1 P2PK
  seed 0437cd7f8525… 1 P2PK
  seed f4184fc59640… 2 P2PK
  seed a16f3ce4dd5d… 2 P2PK
  seed d5d27987d2a3… 1 P2PK
  scanning node blocks 962811..962969

  wrote 7 records · 9 P2PK outputs · 340.00 BTC · tip 962969
✨ Deployment complete! Take a peek over at https://07b1d4e4.olesia-landing.pages.dev
  seed 4a5e1e4baab8… 1 P2PK
  seed 0e3e2357e806… 1 P2PK
  seed 9b0fc9226031… 1 P2PK
  seed 0437cd7f8525… 1 P2PK
  seed f4184fc59640… 2 P2PK
  seed a16f3ce4dd5d… 2 P2PK
  seed d5d27987d2a3… 1 P2PK
  scanning node blocks 962970..963114

  wrote 7 records · 9 P2PK outputs · 340.00 BTC · tip 963114
✨ Deployment complete! Take a peek over at https://00718771.olesia-landing.pages.dev
  seed 4a5e1e4baab8… 1 P2PK
  seed 0e3e2357e806… 1 P2PK
  seed 9b0fc9226031… 1 P2PK
  seed 0437cd7f8525… 1 P2PK
  seed f4184fc59640… 2 P2PK
  seed a16f3ce4dd5d… 2 P2PK
  seed d5d27987d2a3… 1 P2PK
  scanning node blocks 963115..963238

  wrote 7 records · 9 P2PK outputs · 340.00 BTC · tip 963238
✨ Deployment complete! Take a peek over at https://916ea4d0.olesia-landing.pages.dev
  seed 4a5e1e4baab8… 1 P2PK
  seed 0e3e2357e806… 1 P2PK
  seed 9b0fc9226031… 1 P2PK
  seed 0437cd7f8525… 1 P2PK
  seed f4184fc59640… 2 P2PK
  seed a16f3ce4dd5d… 2 P2PK
  seed d5d27987d2a3… 1 P2PK
  scanning node blocks 963239..963369

  wrote 8 records · 10 P2PK outputs · 340.00 BTC · tip 963369
✨ Deployment complete! Take a peek over at https://c0b16393.olesia-landing.pages.dev
  seed 4a5e1e4baab8… 1 P2PK
  seed 0e3e2357e806… 1 P2PK
  seed 9b0fc9226031… 1 P2PK
  seed 0437cd7f8525… 1 P2PK
  seed f4184fc59640… 2 P2PK
  seed a16f3ce4dd5d… 2 P2PK
  seed d5d27987d2a3… 1 P2PK
  scanning node blocks 963370..963510

  wrote 8 records · 10 P2PK outputs · 340.00 BTC · tip 963510
✨ Deployment complete! Take a peek over at https://126700ab.olesia-landing.pages.dev
  seed 4a5e1e4baab8… 1 P2PK
  seed 0e3e2357e806… 1 P2PK
  seed 9b0fc9226031… 1 P2PK
  seed 0437cd7f8525… 1 P2PK
  seed f4184fc59640… 2 P2PK
  seed a16f3ce4dd5d… 2 P2PK
  seed d5d27987d2a3… 1 P2PK
  scanning node blocks 963511..963654

  wrote 8 records · 10 P2PK outputs · 340.00 BTC · tip 963654
✨ Deployment complete! Take a peek over at https://812e69bf.olesia-landing.pages.dev
  seed 4a5e1e4baab8… 1 P2PK
  seed 0e3e2357e806… 1 P2PK
  seed 9b0fc9226031… 1 P2PK
  seed 0437cd7f8525… 1 P2PK
  seed f4184fc59640… 2 P2PK
  seed a16f3ce4dd5d… 2 P2PK
  seed d5d27987d2a3… 1 P2PK
  scanning node blocks 963655..963792

  wrote 8 records · 10 P2PK outputs · 340.00 BTC · tip 963792
✨ Deployment complete! Take a peek over at https://7943b869.olesia-landing.pages.dev
  seed 4a5e1e4baab8… 1 P2PK
  seed 0e3e2357e806… 1 P2PK
  seed 9b0fc9226031… 1 P2PK
  seed 0437cd7f8525… 1 P2PK
  seed f4184fc59640… 2 P2PK
  seed a16f3ce4dd5d… 2 P2PK
  seed d5d27987d2a3… 1 P2PK
  scanning node blocks 963793..963934

  wrote 8 records · 10 P2PK outputs · 340.00 BTC · tip 963934
✨ Deployment complete! Take a peek over at https://4139877f.olesia-landing.pages.dev
  seed 4a5e1e4baab8… 1 P2PK
  seed 0e3e2357e806… 1 P2PK
  seed 9b0fc9226031… 1 P2PK
  seed 0437cd7f8525… 1 P2PK
  seed f4184fc59640… 2 P2PK
  seed a16f3ce4dd5d… 2 P2PK
  seed d5d27987d2a3… 1 P2PK
error: timeout on transient error: Could not connect to the server 127.0.0.1:8332

Make sure the bitcoind server is running and that you are connecting to the correct RPC port.
Use "bitcoin-cli -help" for more info.
error: timeout on transient error: Could not connect to the server 127.0.0.1:8332

Make sure the bitcoind server is running and that you are connecting to the correct RPC port.
Use "bitcoin-cli -help" for more info.

  wrote 8 records · 10 P2PK outputs · 340.00 BTC · tip 963934
✨ Deployment complete! Take a peek over at https://02ce16bf.olesia-landing.pages.dev
  seed 4a5e1e4baab8… 1 P2PK
  seed 0e3e2357e806… 1 P2PK
  seed 9b0fc9226031… 1 P2PK
  seed 0437cd7f8525… 1 P2PK
  seed f4184fc59640… 2 P2PK
  seed a16f3ce4dd5d… 2 P2PK
  seed d5d27987d2a3… 1 P2PK
error: timeout on transient error: Could not connect to the server 127.0.0.1:8332

Make sure the bitcoind server is running and that you are connecting to the correct RPC port.
Use "bitcoin-cli -help" for more info.
error: timeout on transient error: Could not connect to the server 127.0.0.1:8332

Make sure the bitcoind server is running and that you are connecting to the correct RPC port.
Use "bitcoin-cli -help" for more info.

  wrote 8 records · 10 P2PK outputs · 340.00 BTC · tip 963934
✨ Deployment complete! Take a peek over at https://e1cf3b9a.olesia-landing.pages.dev
  seed 4a5e1e4baab8… 1 P2PK
  seed 0e3e2357e806… 1 P2PK
  seed 9b0fc9226031… 1 P2PK
  seed 0437cd7f8525… 1 P2PK
  seed f4184fc59640… 2 P2PK
  seed a16f3ce4dd5d… 2 P2PK
  seed d5d27987d2a3… 1 P2PK
error: timeout on transient error: Could not connect to the server 127.0.0.1:8332

Make sure the bitcoind server is running and that you are connecting to the correct RPC port.
Use "bitcoin-cli -help" for more info.
error: timeout on transient error: Could not connect to the server 127.0.0.1:8332

Make sure the bitcoind server is running and that you are connecting to the correct RPC port.
Use "bitcoin-cli -help" for more info.

  wrote 8 records · 10 P2PK outputs · 340.00 BTC · tip 963934
✨ Deployment complete! Take a peek over at https://1cabae1a.olesia-landing.pages.dev
  seed 4a5e1e4baab8… 1 P2PK
  seed 0e3e2357e806… 1 P2PK
  seed 9b0fc9226031… 1 P2PK
  seed 0437cd7f8525… 1 P2PK
  seed f4184fc59640… 2 P2PK
  seed a16f3ce4dd5d… 2 P2PK
  seed d5d27987d2a3… 1 P2PK
error: timeout on transient error: Could not connect to the server 127.0.0.1:8332

Make sure the bitcoind server is running and that you are connecting to the correct RPC port.
Use "bitcoin-cli -help" for more info.
error: timeout on transient error: Could not connect to the server 127.0.0.1:8332

Make sure the bitcoind server is running and that you are connecting to the correct RPC port.
Use "bitcoin-cli -help" for more info.

  wrote 8 records · 10 P2PK outputs · 340.00 BTC · tip 963934
✨ Deployment complete! Take a peek over at https://11b0da63.olesia-landing.pages.dev
  seed 4a5e1e4baab8… 1 P2PK
  seed 0e3e2357e806… 1 P2PK
  seed 9b0fc9226031… 1 P2PK
  seed 0437cd7f8525… 1 P2PK
  seed f4184fc59640… 2 P2PK
  seed a16f3ce4dd5d… 2 P2PK
  seed d5d27987d2a3… 1 P2PK
error: timeout on transient error: Could not connect to the server 127.0.0.1:8332

Make sure the bitcoind server is running and that you are connecting to the correct RPC port.
Use "bitcoin-cli -help" for more info.
error: timeout on transient error: Could not connect to the server 127.0.0.1:8332

Make sure the bitcoind server is running and that you are connecting to the correct RPC port.
Use "bitcoin-cli -help" for more info.

  wrote 8 records · 10 P2PK outputs · 340.00 BTC · tip 963934
✨ Deployment complete! Take a peek over at https://4a57bd2b.olesia-landing.pages.dev
  seed 4a5e1e4baab8… 1 P2PK
  seed 0e3e2357e806… 1 P2PK
  seed 9b0fc9226031… 1 P2PK
  seed 0437cd7f8525… 1 P2PK
  seed f4184fc59640… 2 P2PK
  seed a16f3ce4dd5d… 2 P2PK
  seed d5d27987d2a3… 1 P2PK
error: timeout on transient error: Could not connect to the server 127.0.0.1:8332

Make sure the bitcoind server is running and that you are connecting to the correct RPC port.
Use "bitcoin-cli -help" for more info.
error: timeout on transient error: Could not connect to the server 127.0.0.1:8332

Make sure the bitcoind server is running and that you are connecting to the correct RPC port.
Use "bitcoin-cli -help" for more info.

  wrote 8 records · 10 P2PK outputs · 340.00 BTC · tip 963934
✨ Deployment complete! Take a peek over at https://f02f676d.olesia-landing.pages.dev
  seed 4a5e1e4baab8… 1 P2PK
  seed 0e3e2357e806… 1 P2PK
  seed 9b0fc9226031… 1 P2PK
  seed 0437cd7f8525… 1 P2PK
  seed f4184fc59640… 2 P2PK
  seed a16f3ce4dd5d… 2 P2PK
  seed d5d27987d2a3… 1 P2PK
error: timeout on transient error: Could not connect to the server 127.0.0.1:8332

Make sure the bitcoind server is running and that you are connecting to the correct RPC port.
Use "bitcoin-cli -help" for more info.
error: timeout on transient error: Could not connect to the server 127.0.0.1:8332

Make sure the bitcoind server is running and that you are connecting to the correct RPC port.
Use "bitcoin-cli -help" for more info.

  wrote 8 records · 10 P2PK outputs · 340.00 BTC · tip 963934
✨ Deployment complete! Take a peek over at https://7fc04861.olesia-landing.pages.dev
  seed 4a5e1e4baab8… 1 P2PK
  seed 0e3e2357e806… 1 P2PK
  seed 9b0fc9226031… 1 P2PK
  seed 0437cd7f8525… 1 P2PK
  seed f4184fc59640… 2 P2PK
  seed a16f3ce4dd5d… 2 P2PK
  seed d5d27987d2a3… 1 P2PK
error: timeout on transient error: Could not connect to the server 127.0.0.1:8332

Make sure the bitcoind server is running and that you are connecting to the correct RPC port.
Use "bitcoin-cli -help" for more info.
error: timeout on transient error: Could not connect to the server 127.0.0.1:8332

Make sure the bitcoind server is running and that you are connecting to the correct RPC port.
Use "bitcoin-cli -help" for more info.

  wrote 8 records · 10 P2PK outputs · 340.00 BTC · tip 963934
✨ Deployment complete! Take a peek over at https://f7e7895b.olesia-landing.pages.dev
  seed 4a5e1e4baab8… 1 P2PK
  seed 0e3e2357e806… 1 P2PK
  seed 9b0fc9226031… 1 P2PK
  seed 0437cd7f8525… 1 P2PK
  seed f4184fc59640… 2 P2PK
  seed a16f3ce4dd5d… 2 P2PK
  seed d5d27987d2a3… 1 P2PK
error: timeout on transient error: Could not connect to the server 127.0.0.1:8332

Make sure the bitcoind server is running and that you are connecting to the correct RPC port.
Use "bitcoin-cli -help" for more info.
error: timeout on transient error: Could not connect to the server 127.0.0.1:8332

Make sure the bitcoind server is running and that you are connecting to the correct RPC port.
Use "bitcoin-cli -help" for more info.

  wrote 8 records · 10 P2PK outputs · 340.00 BTC · tip 963934
✨ Deployment complete! Take a peek over at https://47dff4b2.olesia-landing.pages.dev
  seed 4a5e1e4baab8… 1 P2PK
  seed 0e3e2357e806… 1 P2PK
  seed 9b0fc9226031… 1 P2PK
  seed 0437cd7f8525… 1 P2PK
  seed f4184fc59640… 2 P2PK
  seed a16f3ce4dd5d… 2 P2PK
  seed d5d27987d2a3… 1 P2PK
error: timeout on transient error: Could not connect to the server 127.0.0.1:8332

Make sure the bitcoind server is running and that you are connecting to the correct RPC port.
Use "bitcoin-cli -help" for more info.
error: timeout on transient error: Could not connect to the server 127.0.0.1:8332

Make sure the bitcoind server is running and that you are connecting to the correct RPC port.
Use "bitcoin-cli -help" for more info.

  wrote 8 records · 10 P2PK outputs · 340.00 BTC · tip 963934
✨ Deployment complete! Take a peek over at https://f93a7ef4.olesia-landing.pages.dev
  seed 4a5e1e4baab8… 1 P2PK
  seed 0e3e2357e806… 1 P2PK
  seed 9b0fc9226031… 1 P2PK
  seed 0437cd7f8525… 1 P2PK
  seed f4184fc59640… 2 P2PK
  seed a16f3ce4dd5d… 2 P2PK
  seed d5d27987d2a3… 1 P2PK
error: timeout on transient error: Could not connect to the server 127.0.0.1:8332

Make sure the bitcoind server is running and that you are connecting to the correct RPC port.
Use "bitcoin-cli -help" for more info.
error: timeout on transient error: Could not connect to the server 127.0.0.1:8332

Make sure the bitcoind server is running and that you are connecting to the correct RPC port.
Use "bitcoin-cli -help" for more info.

  wrote 8 records · 10 P2PK outputs · 340.00 BTC · tip 963934
✨ Deployment complete! Take a peek over at https://5ff1cfb6.olesia-landing.pages.dev
  seed 4a5e1e4baab8… 1 P2PK
  seed 0e3e2357e806… 1 P2PK
  seed 9b0fc9226031… 1 P2PK
  seed 0437cd7f8525… 1 P2PK
  seed f4184fc59640… 2 P2PK
  seed a16f3ce4dd5d… 2 P2PK
  seed d5d27987d2a3… 1 P2PK
error: timeout on transient error: Could not connect to the server 127.0.0.1:8332

Make sure the bitcoind server is running and that you are connecting to the correct RPC port.
Use "bitcoin-cli -help" for more info.
error: timeout on transient error: Could not connect to the server 127.0.0.1:8332

Make sure the bitcoind server is running and that you are connecting to the correct RPC port.
Use "bitcoin-cli -help" for more info.

  wrote 8 records · 10 P2PK outputs · 340.00 BTC · tip 963934
✨ Deployment complete! Take a peek over at https://1dfe3f4b.olesia-landing.pages.dev
  seed 4a5e1e4baab8… 1 P2PK
  seed 0e3e2357e806… 1 P2PK
  seed 9b0fc9226031… 1 P2PK
  seed 0437cd7f8525… 1 P2PK
  seed f4184fc59640… 2 P2PK
  seed a16f3ce4dd5d… 2 P2PK
  seed d5d27987d2a3… 1 P2PK
error: timeout on transient error: Could not connect to the server 127.0.0.1:8332

Make sure the bitcoind server is running and that you are connecting to the correct RPC port.
Use "bitcoin-cli -help" for more info.
error: timeout on transient error: Could not connect to the server 127.0.0.1:8332

Make sure the bitcoind server is running and that you are connecting to the correct RPC port.
Use "bitcoin-cli -help" for more info.

  wrote 8 records · 10 P2PK outputs · 340.00 BTC · tip 963934
✨ Deployment complete! Take a peek over at https://e754ee93.olesia-landing.pages.dev
  seed 4a5e1e4baab8… 1 P2PK
  seed 0e3e2357e806… 1 P2PK
  seed 9b0fc9226031… 1 P2PK
  seed 0437cd7f8525… 1 P2PK
  seed f4184fc59640… 2 P2PK
  seed a16f3ce4dd5d… 2 P2PK
  seed d5d27987d2a3… 1 P2PK
error: timeout on transient error: Could not connect to the server 127.0.0.1:8332

Make sure the bitcoind server is running and that you are connecting to the correct RPC port.
Use "bitcoin-cli -help" for more info.
error: timeout on transient error: Could not connect to the server 127.0.0.1:8332

Make sure the bitcoind server is running and that you are connecting to the correct RPC port.
Use "bitcoin-cli -help" for more info.

  wrote 8 records · 10 P2PK outputs · 340.00 BTC · tip 963934
✨ Deployment complete! Take a peek over at https://e1175792.olesia-landing.pages.dev
  seed 4a5e1e4baab8… 1 P2PK
  seed 0e3e2357e806… 1 P2PK
  seed 9b0fc9226031… 1 P2PK
  seed 0437cd7f8525… 1 P2PK
  seed f4184fc59640… 2 P2PK
  seed a16f3ce4dd5d… 2 P2PK
  seed d5d27987d2a3… 1 P2PK
error: timeout on transient error: Could not connect to the server 127.0.0.1:8332

Make sure the bitcoind server is running and that you are connecting to the correct RPC port.
Use "bitcoin-cli -help" for more info.
error: timeout on transient error: Could not connect to the server 127.0.0.1:8332

Make sure the bitcoind server is running and that you are connecting to the correct RPC port.
Use "bitcoin-cli -help" for more info.

  wrote 8 records · 10 P2PK outputs · 340.00 BTC · tip 963934
✨ Deployment complete! Take a peek over at https://9ae24c8c.olesia-landing.pages.dev
  seed 4a5e1e4baab8… 1 P2PK
  seed 0e3e2357e806… 1 P2PK
  seed 9b0fc9226031… 1 P2PK
  seed 0437cd7f8525… 1 P2PK
  seed f4184fc59640… 2 P2PK
  seed a16f3ce4dd5d… 2 P2PK
  seed d5d27987d2a3… 1 P2PK
error: timeout on transient error: Could not connect to the server 127.0.0.1:8332

Make sure the bitcoind server is running and that you are connecting to the correct RPC port.
Use "bitcoin-cli -help" for more info.
error: timeout on transient error: Could not connect to the server 127.0.0.1:8332

Make sure the bitcoind server is running and that you are connecting to the correct RPC port.
Use "bitcoin-cli -help" for more info.

  wrote 8 records · 10 P2PK outputs · 340.00 BTC · tip 963934
✨ Deployment complete! Take a peek over at https://5c880d36.olesia-landing.pages.dev
  seed 4a5e1e4baab8… 1 P2PK
  seed 0e3e2357e806… 1 P2PK
  seed 9b0fc9226031… 1 P2PK
  seed 0437cd7f8525… 1 P2PK
  seed f4184fc59640… 2 P2PK
  seed a16f3ce4dd5d… 2 P2PK
  seed d5d27987d2a3… 1 P2PK
error: timeout on transient error: Could not connect to the server 127.0.0.1:8332

Make sure the bitcoind server is running and that you are connecting to the correct RPC port.
Use "bitcoin-cli -help" for more info.
error: timeout on transient error: Could not connect to the server 127.0.0.1:8332

Make sure the bitcoind server is running and that you are connecting to the correct RPC port.
Use "bitcoin-cli -help" for more info.

  wrote 8 records · 10 P2PK outputs · 340.00 BTC · tip 963934
✨ Deployment complete! Take a peek over at https://123c3f7d.olesia-landing.pages.dev
  seed 4a5e1e4baab8… 1 P2PK
  seed 0e3e2357e806… 1 P2PK
  seed 9b0fc9226031… 1 P2PK
  seed 0437cd7f8525… 1 P2PK
  seed f4184fc59640… 2 P2PK
  seed a16f3ce4dd5d… 2 P2PK
  seed d5d27987d2a3… 1 P2PK
error: timeout on transient error: Could not connect to the server 127.0.0.1:8332

Make sure the bitcoind server is running and that you are connecting to the correct RPC port.
Use "bitcoin-cli -help" for more info.
error: timeout on transient error: Could not connect to the server 127.0.0.1:8332

Make sure the bitcoind server is running and that you are connecting to the correct RPC port.
Use "bitcoin-cli -help" for more info.

  wrote 8 records · 10 P2PK outputs · 340.00 BTC · tip 963934
✨ Deployment complete! Take a peek over at https://2e6f7e88.olesia-landing.pages.dev
  seed 4a5e1e4baab8… 1 P2PK
  seed 0e3e2357e806… 1 P2PK
  seed 9b0fc9226031… 1 P2PK
  seed 0437cd7f8525… 1 P2PK
  seed f4184fc59640… 2 P2PK
  seed a16f3ce4dd5d… 2 P2PK
  seed d5d27987d2a3… 1 P2PK
error: timeout on transient error: Could not connect to the server 127.0.0.1:8332

Make sure the bitcoind server is running and that you are connecting to the correct RPC port.
Use "bitcoin-cli -help" for more info.
error: timeout on transient error: Could not connect to the server 127.0.0.1:8332

Make sure the bitcoind server is running and that you are connecting to the correct RPC port.
Use "bitcoin-cli -help" for more info.

  wrote 8 records · 10 P2PK outputs · 340.00 BTC · tip 963934
✨ Deployment complete! Take a peek over at https://ef477a57.olesia-landing.pages.dev
  seed 4a5e1e4baab8… 1 P2PK
  seed 0e3e2357e806… 1 P2PK
  seed 9b0fc9226031… 1 P2PK
  seed 0437cd7f8525… 1 P2PK
  seed f4184fc59640… 2 P2PK
  seed a16f3ce4dd5d… 2 P2PK
  seed d5d27987d2a3… 1 P2PK
error: timeout on transient error: Could not connect to the server 127.0.0.1:8332

Make sure the bitcoind server is running and that you are connecting to the correct RPC port.
Use "bitcoin-cli -help" for more info.
error: timeout on transient error: Could not connect to the server 127.0.0.1:8332

Make sure the bitcoind server is running and that you are connecting to the correct RPC port.
Use "bitcoin-cli -help" for more info.

  wrote 8 records · 10 P2PK outputs · 340.00 BTC · tip 963934
✨ Deployment complete! Take a peek over at https://55ccde16.olesia-landing.pages.dev
  seed 4a5e1e4baab8… 1 P2PK
  seed 0e3e2357e806… 1 P2PK
  seed 9b0fc9226031… 1 P2PK
  seed 0437cd7f8525… 1 P2PK
  seed f4184fc59640… 2 P2PK
  seed a16f3ce4dd5d… 2 P2PK
  seed d5d27987d2a3… 1 P2PK
error: timeout on transient error: Could not connect to the server 127.0.0.1:8332

Make sure the bitcoind server is running and that you are connecting to the correct RPC port.
Use "bitcoin-cli -help" for more info.
error: timeout on transient error: Could not connect to the server 127.0.0.1:8332

Make sure the bitcoind server is running and that you are connecting to the correct RPC port.
Use "bitcoin-cli -help" for more info.

  wrote 8 records · 10 P2PK outputs · 340.00 BTC · tip 963934
✨ Deployment complete! Take a peek over at https://98adeba1.olesia-landing.pages.dev
  seed 4a5e1e4baab8… 1 P2PK
  seed 0e3e2357e806… 1 P2PK
  seed 9b0fc9226031… 1 P2PK
  seed 0437cd7f8525… 1 P2PK
  seed f4184fc59640… 2 P2PK
  seed a16f3ce4dd5d… 2 P2PK
  seed d5d27987d2a3… 1 P2PK
error: timeout on transient error: Could not connect to the server 127.0.0.1:8332

Make sure the bitcoind server is running and that you are connecting to the correct RPC port.
Use "bitcoin-cli -help" for more info.
error: timeout on transient error: Could not connect to the server 127.0.0.1:8332

Make sure the bitcoind server is running and that you are connecting to the correct RPC port.
Use "bitcoin-cli -help" for more info.

  wrote 8 records · 10 P2PK outputs · 340.00 BTC · tip 963934
✨ Deployment complete! Take a peek over at https://10472af3.olesia-landing.pages.dev
  seed 4a5e1e4baab8… 1 P2PK
  seed 0e3e2357e806… 1 P2PK
  seed 9b0fc9226031… 1 P2PK
  seed 0437cd7f8525… 1 P2PK
  seed f4184fc59640… 2 P2PK
  seed a16f3ce4dd5d… 2 P2PK
  seed d5d27987d2a3… 1 P2PK
error: timeout on transient error: Could not connect to the server 127.0.0.1:8332

Make sure the bitcoind server is running and that you are connecting to the correct RPC port.
Use "bitcoin-cli -help" for more info.
error: timeout on transient error: Could not connect to the server 127.0.0.1:8332

Make sure the bitcoind server is running and that you are connecting to the correct RPC port.
Use "bitcoin-cli -help" for more info.

  wrote 8 records · 10 P2PK outputs · 340.00 BTC · tip 963934
✨ Deployment complete! Take a peek over at https://94c3b9d5.olesia-landing.pages.dev
  seed 4a5e1e4baab8… 1 P2PK
  seed 0e3e2357e806… 1 P2PK
  seed 9b0fc9226031… 1 P2PK
  seed 0437cd7f8525… 1 P2PK
  seed f4184fc59640… 2 P2PK
  seed a16f3ce4dd5d… 2 P2PK
  seed d5d27987d2a3… 1 P2PK
error: timeout on transient error: Could not connect to the server 127.0.0.1:8332

Make sure the bitcoind server is running and that you are connecting to the correct RPC port.
Use "bitcoin-cli -help" for more info.
error: timeout on transient error: Could not connect to the server 127.0.0.1:8332

Make sure the bitcoind server is running and that you are connecting to the correct RPC port.
Use "bitcoin-cli -help" for more info.

  wrote 8 records · 10 P2PK outputs · 340.00 BTC · tip 963934
✨ Deployment complete! Take a peek over at https://b6137f95.olesia-landing.pages.dev
  seed 4a5e1e4baab8… 1 P2PK
  seed 0e3e2357e806… 1 P2PK
  seed 9b0fc9226031… 1 P2PK
  seed 0437cd7f8525… 1 P2PK
  seed f4184fc59640… 2 P2PK
  seed a16f3ce4dd5d… 2 P2PK
  seed d5d27987d2a3… 1 P2PK
error: timeout on transient error: Could not connect to the server 127.0.0.1:8332

Make sure the bitcoind server is running and that you are connecting to the correct RPC port.
Use "bitcoin-cli -help" for more info.
error: timeout on transient error: Could not connect to the server 127.0.0.1:8332

Make sure the bitcoind server is running and that you are connecting to the correct RPC port.
Use "bitcoin-cli -help" for more info.

  wrote 8 records · 10 P2PK outputs · 340.00 BTC · tip 963934
✨ Deployment complete! Take a peek over at https://37e34d66.olesia-landing.pages.dev
  seed 4a5e1e4baab8… 1 P2PK
  seed 0e3e2357e806… 1 P2PK
  seed 9b0fc9226031… 1 P2PK
  seed 0437cd7f8525… 1 P2PK
  seed f4184fc59640… 2 P2PK
  seed a16f3ce4dd5d… 2 P2PK
  seed d5d27987d2a3… 1 P2PK
error: timeout on transient error: Could not connect to the server 127.0.0.1:8332

Make sure the bitcoind server is running and that you are connecting to the correct RPC port.
Use "bitcoin-cli -help" for more info.
error: timeout on transient error: Could not connect to the server 127.0.0.1:8332

Make sure the bitcoind server is running and that you are connecting to the correct RPC port.
Use "bitcoin-cli -help" for more info.

  wrote 8 records · 10 P2PK outputs · 340.00 BTC · tip 963934
✨ Deployment complete! Take a peek over at https://84d0af81.olesia-landing.pages.dev
  seed 4a5e1e4baab8… 1 P2PK
  seed 0e3e2357e806… 1 P2PK
  seed 9b0fc9226031… 1 P2PK
  seed 0437cd7f8525… 1 P2PK
  seed f4184fc59640… 2 P2PK
  seed a16f3ce4dd5d… 2 P2PK
  seed d5d27987d2a3… 1 P2PK
error: timeout on transient error: Could not connect to the server 127.0.0.1:8332

Make sure the bitcoind server is running and that you are connecting to the correct RPC port.
Use "bitcoin-cli -help" for more info.
error: timeout on transient error: Could not connect to the server 127.0.0.1:8332

Make sure the bitcoind server is running and that you are connecting to the correct RPC port.
Use "bitcoin-cli -help" for more info.

  wrote 8 records · 10 P2PK outputs · 340.00 BTC · tip 963934
✨ Deployment complete! Take a peek over at https://5a8c1284.olesia-landing.pages.dev
  seed 4a5e1e4baab8… 1 P2PK
  seed 0e3e2357e806… 1 P2PK
  seed 9b0fc9226031… 1 P2PK
  seed 0437cd7f8525… 1 P2PK
  seed f4184fc59640… 2 P2PK
  seed a16f3ce4dd5d… 2 P2PK
  seed d5d27987d2a3… 1 P2PK
error: timeout on transient error: Could not connect to the server 127.0.0.1:8332

Make sure the bitcoind server is running and that you are connecting to the correct RPC port.
Use "bitcoin-cli -help" for more info.
error: timeout on transient error: Could not connect to the server 127.0.0.1:8332

Make sure the bitcoind server is running and that you are connecting to the correct RPC port.
Use "bitcoin-cli -help" for more info.

  wrote 8 records · 10 P2PK outputs · 340.00 BTC · tip 963934
✨ Deployment complete! Take a peek over at https://0205fbcd.olesia-landing.pages.dev
  seed 4a5e1e4baab8… 1 P2PK
  seed 0e3e2357e806… 1 P2PK
  seed 9b0fc9226031… 1 P2PK
  seed 0437cd7f8525… 1 P2PK
  seed f4184fc59640… 2 P2PK
  seed a16f3ce4dd5d… 2 P2PK
  seed d5d27987d2a3… 1 P2PK
error: timeout on transient error: Could not connect to the server 127.0.0.1:8332

Make sure the bitcoind server is running and that you are connecting to the correct RPC port.
Use "bitcoin-cli -help" for more info.
error: timeout on transient error: Could not connect to the server 127.0.0.1:8332

Make sure the bitcoind server is running and that you are connecting to the correct RPC port.
Use "bitcoin-cli -help" for more info.

  wrote 8 records · 10 P2PK outputs · 340.00 BTC · tip 963934
✨ Deployment complete! Take a peek over at https://cb5f601e.olesia-landing.pages.dev
  seed 4a5e1e4baab8… 1 P2PK
  seed 0e3e2357e806… 1 P2PK
  seed 9b0fc9226031… 1 P2PK
  seed 0437cd7f8525… 1 P2PK
  seed f4184fc59640… 2 P2PK
  seed a16f3ce4dd5d… 2 P2PK
  seed d5d27987d2a3… 1 P2PK
error: timeout on transient error: Could not connect to the server 127.0.0.1:8332

Make sure the bitcoind server is running and that you are connecting to the correct RPC port.
Use "bitcoin-cli -help" for more info.
error: timeout on transient error: Could not connect to the server 127.0.0.1:8332

Make sure the bitcoind server is running and that you are connecting to the correct RPC port.
Use "bitcoin-cli -help" for more info.

  wrote 8 records · 10 P2PK outputs · 340.00 BTC · tip 963934
✨ Deployment complete! Take a peek over at https://a390d1b4.olesia-landing.pages.dev
  seed 4a5e1e4baab8… 1 P2PK
  seed 0e3e2357e806… 1 P2PK
  seed 9b0fc9226031… 1 P2PK
  seed 0437cd7f8525… 1 P2PK
  seed f4184fc59640… 2 P2PK
  seed a16f3ce4dd5d… 2 P2PK
  seed d5d27987d2a3… 1 P2PK
error: timeout on transient error: Could not connect to the server 127.0.0.1:8332

Make sure the bitcoind server is running and that you are connecting to the correct RPC port.
Use "bitcoin-cli -help" for more info.
error: timeout on transient error: Could not connect to the server 127.0.0.1:8332

Make sure the bitcoind server is running and that you are connecting to the correct RPC port.
Use "bitcoin-cli -help" for more info.

  wrote 8 records · 10 P2PK outputs · 340.00 BTC · tip 963934
✨ Deployment complete! Take a peek over at https://96abd2b9.olesia-landing.pages.dev
  seed 4a5e1e4baab8… 1 P2PK
  seed 0e3e2357e806… 1 P2PK
  seed 9b0fc9226031… 1 P2PK
  seed 0437cd7f8525… 1 P2PK
  seed f4184fc59640… 2 P2PK
  seed a16f3ce4dd5d… 2 P2PK
  seed d5d27987d2a3… 1 P2PK
error: timeout on transient error: Could not connect to the server 127.0.0.1:8332

Make sure the bitcoind server is running and that you are connecting to the correct RPC port.
Use "bitcoin-cli -help" for more info.
error: timeout on transient error: Could not connect to the server 127.0.0.1:8332

Make sure the bitcoind server is running and that you are connecting to the correct RPC port.
Use "bitcoin-cli -help" for more info.

  wrote 8 records · 10 P2PK outputs · 340.00 BTC · tip 963934
✨ Deployment complete! Take a peek over at https://bc0a2e6b.olesia-landing.pages.dev
  seed 4a5e1e4baab8… 1 P2PK
  seed 0e3e2357e806… 1 P2PK
  seed 9b0fc9226031… 1 P2PK
  seed 0437cd7f8525… 1 P2PK
  seed f4184fc59640… 2 P2PK
  seed a16f3ce4dd5d… 2 P2PK
  seed d5d27987d2a3… 1 P2PK
error: timeout on transient error: Could not connect to the server 127.0.0.1:8332

Make sure the bitcoind server is running and that you are connecting to the correct RPC port.
Use "bitcoin-cli -help" for more info.
error: timeout on transient error: Could not connect to the server 127.0.0.1:8332

Make sure the bitcoind server is running and that you are connecting to the correct RPC port.
Use "bitcoin-cli -help" for more info.

  wrote 8 records · 10 P2PK outputs · 340.00 BTC · tip 963934
✨ Deployment complete! Take a peek over at https://db76a4af.olesia-landing.pages.dev
  seed 4a5e1e4baab8… 1 P2PK
  seed 0e3e2357e806… 1 P2PK
  seed 9b0fc9226031… 1 P2PK
  seed 0437cd7f8525… 1 P2PK
  seed f4184fc59640… 2 P2PK
  seed a16f3ce4dd5d… 2 P2PK
  seed d5d27987d2a3… 1 P2PK
error: Authorization failed: Incorrect rpcuser or rpcpassword
error: Authorization failed: Incorrect rpcuser or rpcpassword

  wrote 8 records · 10 P2PK outputs · 340.00 BTC · tip 963934
✨ Deployment complete! Take a peek over at https://90d4efa8.olesia-landing.pages.dev
  seed 4a5e1e4baab8… 1 P2PK
  seed 0e3e2357e806… 1 P2PK
  seed 9b0fc9226031… 1 P2PK
  seed 0437cd7f8525… 1 P2PK
  seed f4184fc59640… 2 P2PK
  seed a16f3ce4dd5d… 2 P2PK
  seed d5d27987d2a3… 1 P2PK
error: Authorization failed: Incorrect rpcuser or rpcpassword
error: Authorization failed: Incorrect rpcuser or rpcpassword

  wrote 8 records · 10 P2PK outputs · 340.00 BTC · tip 963934
✨ Deployment complete! Take a peek over at https://6e8448ea.olesia-landing.pages.dev
  seed 4a5e1e4baab8… 1 P2PK
  seed 0e3e2357e806… 1 P2PK
  seed 9b0fc9226031… 1 P2PK
  seed 0437cd7f8525… 1 P2PK
  seed f4184fc59640… 2 P2PK
  seed a16f3ce4dd5d… 2 P2PK
  seed d5d27987d2a3… 1 P2PK
error: Authorization failed: Incorrect rpcuser or rpcpassword
error: Authorization failed: Incorrect rpcuser or rpcpassword

  wrote 8 records · 10 P2PK outputs · 340.00 BTC · tip 963934
✨ Deployment complete! Take a peek over at https://80bf7e04.olesia-landing.pages.dev
  seed 4a5e1e4baab8… 1 P2PK
  seed 0e3e2357e806… 1 P2PK
  seed 9b0fc9226031… 1 P2PK
  seed 0437cd7f8525… 1 P2PK
  seed f4184fc59640… 2 P2PK
  seed a16f3ce4dd5d… 2 P2PK
  seed d5d27987d2a3… 1 P2PK
error: Authorization failed: Incorrect rpcuser or rpcpassword
error: Authorization failed: Incorrect rpcuser or rpcpassword

  wrote 8 records · 10 P2PK outputs · 340.00 BTC · tip 963934
✨ Deployment complete! Take a peek over at https://8a8750b4.olesia-landing.pages.dev
